2026-06-29 07:38:31 [main] INFO  o.h.validator.internal.util.Version - HV000001: Hibernate Validator 8.0.1.Final
2026-06-29 07:38:33 [main] INFO  o.e.a.system.service.ClassService - Class registered: code='CS101', title='Introduction to OOP'
2026-06-29 07:38:33 [main] INFO  o.e.a.s.logging.ReportAuditLogger - Report 'assessment weight' generated by role ADMIN
2026-06-29 07:38:33 [main] INFO  o.e.a.s.logging.ReportAuditLogger - Report 'persistence configuration' generated by role ADMIN
2026-06-29 07:38:33 [main] INFO  o.e.a.s.logging.ReportAuditLogger - Report 'class assessment summary' generated by role ADMIN
2026-06-29 07:38:33 [main] WARN  o.e.a.s.repository.TxtUserRepository - User file 'users.txt' not found. Loading default users.
2026-06-29 07:38:33 [main] INFO  o.e.a.s.s.AuthenticationService - Authentication attempt for username: 'admin'
2026-06-29 07:38:33 [main] WARN  o.e.a.s.logging.SecurityAuditLogger - Login failed for user 'admin'
2026-06-29 07:38:33 [main] WARN  o.e.a.s.repository.TxtUserRepository - User file 'users.txt' not found. Loading default users.
2026-06-29 07:38:33 [main] INFO  o.e.a.s.s.AuthenticationService - Authentication attempt for username: 'admin'
2026-06-29 07:38:33 [main] INFO  o.e.a.s.logging.SecurityAuditLogger - Login succeeded for user 'admin'
2026-06-29 07:38:33 [main] INFO  o.e.a.s.s.AuthenticationService - Authentication successful: User{username='admin', role=ADMIN}
2026-06-29 07:38:33 [main] WARN  o.e.a.s.repository.TxtUserRepository - User file 'users.txt' not found. Loading default users.
2026-06-29 07:38:33 [main] INFO  o.e.a.s.s.AuthenticationService - Authentication attempt for username: 'naoexiste'
2026-06-29 07:38:33 [main] WARN  o.e.a.s.logging.SecurityAuditLogger - Login failed for user 'naoexiste'
2026-06-29 07:38:34 [main] INFO  o.e.a.system.service.ClassService - Class registered: code='CS101', title='Introduction to OOP'
2026-06-29 07:38:34 [main] INFO  o.e.a.s.service.PersistenceService - Persistence type changed to: JSON
2026-06-29 07:38:34 [main] INFO  o.e.a.s.r.JsonAcademicClassRepository - Persisting 1 class(es) to JSON file: /tmp/junit4186765926875813912/data.json
2026-06-29 07:38:34 [main] INFO  o.e.a.s.r.JsonAcademicClassRepository - JSON persistence completed successfully.
2026-06-29 07:38:34 [main] INFO  o.e.a.s.l.PersistenceAuditLogger - Academic data saved using JSON persistence to file '/tmp/junit4186765926875813912/data.json'
2026-06-29 07:38:34 [main] INFO  o.e.a.system.service.ClassService - Class registered: code='CS101', title='Introduction to OOP'
2026-06-29 07:38:34 [main] INFO  o.e.a.s.service.PersistenceService - Persistence type changed to: XML
2026-06-29 07:38:34 [main] INFO  o.e.a.s.r.XmlAcademicClassRepository - Persisting 1 class(es) to XML file: /tmp/junit5849456593531367457/data.xml
2026-06-29 07:38:34 [main] INFO  o.e.a.s.r.XmlAcademicClassRepository - XML persistence completed successfully.
2026-06-29 07:38:34 [main] INFO  o.e.a.s.l.PersistenceAuditLogger - Academic data saved using XML persistence to file '/tmp/junit5849456593531367457/data.xml'
2026-06-29 07:38:34 [main] INFO  o.e.a.system.service.ClassService - Class registered: code='CS101', title='Introduction to OOP'
2026-06-29 07:38:34 [main] INFO  o.e.a.s.r.TxtAcademicClassRepository - Persisting 1 class(es) to TXT file: /tmp/junit7892567189657278825/data.txt
2026-06-29 07:38:34 [main] INFO  o.e.a.s.r.TxtAcademicClassRepository - TXT persistence completed successfully.
2026-06-29 07:38:34 [main] INFO  o.e.a.s.l.PersistenceAuditLogger - Academic data saved using TXT persistence to file '/tmp/junit7892567189657278825/data.txt'
2026-06-29 07:38:34 [main] INFO  o.e.a.s.r.TxtAcademicClassRepository - Persisting 1 class(es) to TXT file: /tmp/junit15800329480482174492/classes.txt
2026-06-29 07:38:34 [main] INFO  o.e.a.s.r.TxtAcademicClassRepository - TXT persistence completed successfully.
2026-06-29 07:38:34 [main] INFO  o.e.a.s.l.PersistenceAuditLogger - Academic data saved using TXT persistence to file '/tmp/junit15800329480482174492/classes.txt'
2026-06-29 07:38:34 [main] INFO  o.e.a.s.r.XmlAcademicClassRepository - Persisting 1 class(es) to XML file: /tmp/junit437006256552283825/classes.xml
2026-06-29 07:38:34 [main] INFO  o.e.a.s.r.XmlAcademicClassRepository - XML persistence completed successfully.
2026-06-29 07:38:34 [main] INFO  o.e.a.s.l.PersistenceAuditLogger - Academic data saved using XML persistence to file '/tmp/junit437006256552283825/classes.xml'
2026-06-29 07:38:34 [main] INFO  o.e.a.s.r.JsonAcademicClassRepository - Persisting 1 class(es) to JSON file: /tmp/junit14935767847056881414/classes.json
2026-06-29 07:38:34 [main] INFO  o.e.a.s.r.JsonAcademicClassRepository - JSON persistence completed successfully.
2026-06-29 07:38:34 [main] INFO  o.e.a.s.l.PersistenceAuditLogger - Academic data saved using JSON persistence to file '/tmp/junit14935767847056881414/classes.json'
2026-06-29 07:38:34 [main] INFO  o.e.a.system.service.ClassService - Class registered: code='CS101', title='Introduction to OOP'
2026-06-29 07:38:34 [main] INFO  o.e.a.system.service.ClassService - Class registered: code='CS101', title='Introduction to OOP'
2026-06-29 07:38:34 [main] INFO  o.e.a.system.service.ClassService - Class registered: code='CS101', title='Introduction to OOP'
2026-06-29 07:38:34 [main] INFO  o.e.a.system.service.ClassService - Class registered: code='CS101', title='Introduction to OOP'
2026-06-29 07:38:34 [main] INFO  o.e.a.s.service.AssessmentService - Assessment 'Exam' registered in class 'CS101'
2026-06-29 07:38:34 [main] WARN  o.e.a.s.repository.TxtUserRepository - User file 'nonexistent-users.txt' not found. Loading default users.
2026-06-29 07:38:34 [main] WARN  o.e.a.s.logging.SecurityAuditLogger - Authorization denied for role UNKNOWN on operation 'ADMIN'
2026-06-29 07:38:34 [main] WARN  o.e.a.s.repository.TxtUserRepository - User file 'nonexistent-users.txt' not found. Loading default users.
2026-06-29 07:38:34 [main] INFO  o.e.a.s.s.AuthenticationService - Authentication attempt for username: 'admin'
2026-06-29 07:38:34 [main] INFO  o.e.a.s.logging.SecurityAuditLogger - Login succeeded for user 'admin'
2026-06-29 07:38:34 [main] INFO  o.e.a.s.s.AuthenticationService - Authentication successful: User{username='admin', role=ADMIN}
2026-06-29 07:38:34 [main] INFO  o.e.a.system.service.ClassService - Class registered: code='CS101', title='Introduction to OOP'
2026-06-29 07:38:34 [main] INFO  o.e.a.s.c.AcademicSystemController - Class registration delegated to service: code='CS101', title='Introduction to OOP'
2026-06-29 07:38:34 [main] WARN  o.e.a.s.repository.TxtUserRepository - User file 'nonexistent-users.txt' not found. Loading default users.
2026-06-29 07:38:34 [main] INFO  o.e.a.s.s.AuthenticationService - Authentication attempt for username: 'admin'
2026-06-29 07:38:34 [main] INFO  o.e.a.s.logging.SecurityAuditLogger - Login succeeded for user 'admin'
2026-06-29 07:38:34 [main] INFO  o.e.a.s.s.AuthenticationService - Authentication successful: User{username='admin', role=ADMIN}
2026-06-29 07:38:34 [main] INFO  o.e.a.system.service.ClassService - Class registered: code='CS101', title='Introduction to OOP'
2026-06-29 07:38:34 [main] INFO  o.e.a.s.c.AcademicSystemController - Class registration delegated to service: code='CS101', title='Introduction to OOP'
2026-06-29 07:38:34 [main] INFO  o.e.a.s.service.AssessmentService - Assessment 'Exam' registered in class 'CS101'
2026-06-29 07:38:34 [main] INFO  o.e.a.s.c.AcademicSystemController - Assessment registration delegated to service for class 'CS101'
2026-06-29 07:38:34 [main] WARN  o.e.a.s.repository.TxtUserRepository - User file 'nonexistent-users.txt' not found. Loading default users.
2026-06-29 07:38:34 [main] INFO  o.e.a.s.s.AuthenticationService - Authentication attempt for username: 'professor'
2026-06-29 07:38:34 [main] INFO  o.e.a.s.logging.SecurityAuditLogger - Login succeeded for user 'professor'
2026-06-29 07:38:34 [main] INFO  o.e.a.s.s.AuthenticationService - Authentication successful: User{username='professor', role=PROFESSOR}
2026-06-29 07:38:34 [main] WARN  o.e.a.s.logging.SecurityAuditLogger - Authorization denied for role PROFESSOR on operation 'ADMIN'
2026-06-29 07:38:34 [main] WARN  o.e.a.s.s.AuthenticationService - Authorization denied. User 'professor' has role [PROFESSOR], required [ADMIN].
2026-06-29 07:38:34 [main] WARN  o.e.a.s.logging.SecurityAuditLogger - Authorization denied for role PROFESSOR on operation 'configure persistence'
2026-06-29 07:38:34 [main] WARN  o.e.a.s.logging.SecurityAuditLogger - Authorization denied for role PROFESSOR on operation 'register class'
2026-06-29 07:38:34 [main] INFO  o.e.a.s.logging.ReportAuditLogger - Report 'persistence configuration' generated by role ADMIN
2026-06-29 07:38:34 [main] INFO  o.e.a.s.logging.ReportAuditLogger - Report 'assessment weight' generated by role PROFESSOR
2026-06-29 07:38:34 [main] INFO  o.e.a.s.logging.ReportAuditLogger - Report 'class assessment summary' generated by role PROFESSOR
2026-06-29 07:38:47 [main] INFO  o.h.validator.internal.util.Version - HV000001: Hibernate Validator 8.0.1.Final
2026-06-29 07:38:48 [main] INFO  o.e.a.system.service.ClassService - Class registered: code='CS101', title='Introduction to OOP'
2026-06-29 07:38:48 [main] INFO  o.e.a.s.logging.ReportAuditLogger - Report 'assessment weight' generated by role ADMIN
2026-06-29 07:38:48 [main] INFO  o.e.a.s.logging.ReportAuditLogger - Report 'persistence configuration' generated by role ADMIN
2026-06-29 07:38:48 [main] INFO  o.e.a.s.logging.ReportAuditLogger - Report 'class assessment summary' generated by role ADMIN
2026-06-29 07:38:48 [main] WARN  o.e.a.s.repository.TxtUserRepository - User file 'users.txt' not found. Loading default users.
2026-06-29 07:38:48 [main] INFO  o.e.a.s.s.AuthenticationService - Authentication attempt for username: 'admin'
2026-06-29 07:38:48 [main] WARN  o.e.a.s.logging.SecurityAuditLogger - Login failed for user 'admin'
2026-06-29 07:38:48 [main] WARN  o.e.a.s.repository.TxtUserRepository - User file 'users.txt' not found. Loading default users.
2026-06-29 07:38:48 [main] INFO  o.e.a.s.s.AuthenticationService - Authentication attempt for username: 'admin'
2026-06-29 07:38:48 [main] INFO  o.e.a.s.logging.SecurityAuditLogger - Login succeeded for user 'admin'
2026-06-29 07:38:48 [main] INFO  o.e.a.s.s.AuthenticationService - Authentication successful: User{username='admin', role=ADMIN}
2026-06-29 07:38:48 [main] WARN  o.e.a.s.repository.TxtUserRepository - User file 'users.txt' not found. Loading default users.
2026-06-29 07:38:48 [main] INFO  o.e.a.s.s.AuthenticationService - Authentication attempt for username: 'naoexiste'
2026-06-29 07:38:48 [main] WARN  o.e.a.s.logging.SecurityAuditLogger - Login failed for user 'naoexiste'
2026-06-29 07:38:48 [main] INFO  o.e.a.system.service.ClassService - Class registered: code='CS101', title='Introduction to OOP'
2026-06-29 07:38:48 [main] INFO  o.e.a.s.service.PersistenceService - Persistence type changed to: JSON
2026-06-29 07:38:48 [main] INFO  o.e.a.s.r.JsonAcademicClassRepository - Persisting 1 class(es) to JSON file: /tmp/junit11349609647104536078/data.json
2026-06-29 07:38:48 [main] INFO  o.e.a.s.r.JsonAcademicClassRepository - JSON persistence completed successfully.
2026-06-29 07:38:48 [main] INFO  o.e.a.s.l.PersistenceAuditLogger - Academic data saved using JSON persistence to file '/tmp/junit11349609647104536078/data.json'
2026-06-29 07:38:48 [main] INFO  o.e.a.system.service.ClassService - Class registered: code='CS101', title='Introduction to OOP'
2026-06-29 07:38:48 [main] INFO  o.e.a.s.service.PersistenceService - Persistence type changed to: XML
2026-06-29 07:38:48 [main] INFO  o.e.a.s.r.XmlAcademicClassRepository - Persisting 1 class(es) to XML file: /tmp/junit7034737431703666806/data.xml
2026-06-29 07:38:48 [main] INFO  o.e.a.s.r.XmlAcademicClassRepository - XML persistence completed successfully.
2026-06-29 07:38:48 [main] INFO  o.e.a.s.l.PersistenceAuditLogger - Academic data saved using XML persistence to file '/tmp/junit7034737431703666806/data.xml'
2026-06-29 07:38:48 [main] INFO  o.e.a.system.service.ClassService - Class registered: code='CS101', title='Introduction to OOP'
2026-06-29 07:38:48 [main] INFO  o.e.a.s.r.TxtAcademicClassRepository - Persisting 1 class(es) to TXT file: /tmp/junit1633698133302592289/data.txt
2026-06-29 07:38:48 [main] INFO  o.e.a.s.r.TxtAcademicClassRepository - TXT persistence completed successfully.
2026-06-29 07:38:48 [main] INFO  o.e.a.s.l.PersistenceAuditLogger - Academic data saved using TXT persistence to file '/tmp/junit1633698133302592289/data.txt'
2026-06-29 07:38:48 [main] INFO  o.e.a.s.r.TxtAcademicClassRepository - Persisting 1 class(es) to TXT file: /tmp/junit1973175818276569795/classes.txt
2026-06-29 07:38:48 [main] INFO  o.e.a.s.r.TxtAcademicClassRepository - TXT persistence completed successfully.
2026-06-29 07:38:48 [main] INFO  o.e.a.s.l.PersistenceAuditLogger - Academic data saved using TXT persistence to file '/tmp/junit1973175818276569795/classes.txt'
2026-06-29 07:38:48 [main] INFO  o.e.a.s.r.XmlAcademicClassRepository - Persisting 1 class(es) to XML file: /tmp/junit13500648666596816806/classes.xml
2026-06-29 07:38:48 [main] INFO  o.e.a.s.r.XmlAcademicClassRepository - XML persistence completed successfully.
2026-06-29 07:38:48 [main] INFO  o.e.a.s.l.PersistenceAuditLogger - Academic data saved using XML persistence to file '/tmp/junit13500648666596816806/classes.xml'
2026-06-29 07:38:48 [main] INFO  o.e.a.s.r.JsonAcademicClassRepository - Persisting 1 class(es) to JSON file: /tmp/junit5730336081195783077/classes.json
2026-06-29 07:38:48 [main] INFO  o.e.a.s.r.JsonAcademicClassRepository - JSON persistence completed successfully.
2026-06-29 07:38:48 [main] INFO  o.e.a.s.l.PersistenceAuditLogger - Academic data saved using JSON persistence to file '/tmp/junit5730336081195783077/classes.json'
2026-06-29 07:38:48 [main] INFO  o.e.a.system.service.ClassService - Class registered: code='CS101', title='Introduction to OOP'
2026-06-29 07:38:48 [main] INFO  o.e.a.system.service.ClassService - Class registered: code='CS101', title='Introduction to OOP'
2026-06-29 07:38:48 [main] INFO  o.e.a.system.service.ClassService - Class registered: code='CS101', title='Introduction to OOP'
2026-06-29 07:38:48 [main] INFO  o.e.a.system.service.ClassService - Class registered: code='CS101', title='Introduction to OOP'
2026-06-29 07:38:48 [main] INFO  o.e.a.s.service.AssessmentService - Assessment 'Exam' registered in class 'CS101'
2026-06-29 07:38:48 [main] WARN  o.e.a.s.repository.TxtUserRepository - User file 'nonexistent-users.txt' not found. Loading default users.
2026-06-29 07:38:48 [main] WARN  o.e.a.s.logging.SecurityAuditLogger - Authorization denied for role UNKNOWN on operation 'ADMIN'
2026-06-29 07:38:48 [main] WARN  o.e.a.s.repository.TxtUserRepository - User file 'nonexistent-users.txt' not found. Loading default users.
2026-06-29 07:38:48 [main] INFO  o.e.a.s.s.AuthenticationService - Authentication attempt for username: 'admin'
2026-06-29 07:38:48 [main] INFO  o.e.a.s.logging.SecurityAuditLogger - Login succeeded for user 'admin'
2026-06-29 07:38:48 [main] INFO  o.e.a.s.s.AuthenticationService - Authentication successful: User{username='admin', role=ADMIN}
2026-06-29 07:38:48 [main] INFO  o.e.a.system.service.ClassService - Class registered: code='CS101', title='Introduction to OOP'
2026-06-29 07:38:48 [main] INFO  o.e.a.s.c.AcademicSystemController - Class registration delegated to service: code='CS101', title='Introduction to OOP'
2026-06-29 07:38:48 [main] WARN  o.e.a.s.repository.TxtUserRepository - User file 'nonexistent-users.txt' not found. Loading default users.
2026-06-29 07:38:48 [main] INFO  o.e.a.s.s.AuthenticationService - Authentication attempt for username: 'admin'
2026-06-29 07:38:48 [main] INFO  o.e.a.s.logging.SecurityAuditLogger - Login succeeded for user 'admin'
2026-06-29 07:38:48 [main] INFO  o.e.a.s.s.AuthenticationService - Authentication successful: User{username='admin', role=ADMIN}
2026-06-29 07:38:48 [main] INFO  o.e.a.system.service.ClassService - Class registered: code='CS101', title='Introduction to OOP'
2026-06-29 07:38:48 [main] INFO  o.e.a.s.c.AcademicSystemController - Class registration delegated to service: code='CS101', title='Introduction to OOP'
2026-06-29 07:38:48 [main] INFO  o.e.a.s.service.AssessmentService - Assessment 'Exam' registered in class 'CS101'
2026-06-29 07:38:48 [main] INFO  o.e.a.s.c.AcademicSystemController - Assessment registration delegated to service for class 'CS101'
2026-06-29 07:38:48 [main] WARN  o.e.a.s.repository.TxtUserRepository - User file 'nonexistent-users.txt' not found. Loading default users.
2026-06-29 07:38:48 [main] INFO  o.e.a.s.s.AuthenticationService - Authentication attempt for username: 'professor'
2026-06-29 07:38:48 [main] INFO  o.e.a.s.logging.SecurityAuditLogger - Login succeeded for user 'professor'
2026-06-29 07:38:48 [main] INFO  o.e.a.s.s.AuthenticationService - Authentication successful: User{username='professor', role=PROFESSOR}
2026-06-29 07:38:48 [main] WARN  o.e.a.s.logging.SecurityAuditLogger - Authorization denied for role PROFESSOR on operation 'ADMIN'
2026-06-29 07:38:48 [main] WARN  o.e.a.s.s.AuthenticationService - Authorization denied. User 'professor' has role [PROFESSOR], required [ADMIN].
2026-06-29 07:38:49 [main] WARN  o.e.a.s.logging.SecurityAuditLogger - Authorization denied for role PROFESSOR on operation 'configure persistence'
2026-06-29 07:38:49 [main] WARN  o.e.a.s.logging.SecurityAuditLogger - Authorization denied for role PROFESSOR on operation 'register class'
2026-06-29 07:38:49 [main] INFO  o.e.a.s.logging.ReportAuditLogger - Report 'persistence configuration' generated by role ADMIN
2026-06-29 07:38:49 [main] INFO  o.e.a.s.logging.ReportAuditLogger - Report 'assessment weight' generated by role PROFESSOR
2026-06-29 07:38:49 [main] INFO  o.e.a.s.logging.ReportAuditLogger - Report 'class assessment summary' generated by role PROFESSOR
2026-06-29 07:39:26 [JavaFX-Launcher] WARN  o.e.a.s.repository.TxtUserRepository - User file 'users.txt' not found. Loading default users.
2026-06-29 07:39:37 [JavaFX Application Thread] INFO  o.e.a.s.s.AuthenticationService - Authentication attempt for username: 'admin'
2026-06-29 07:39:37 [JavaFX Application Thread] INFO  o.e.a.s.logging.SecurityAuditLogger - Login succeeded for user 'admin'
2026-06-29 07:39:37 [JavaFX Application Thread] INFO  o.e.a.s.s.AuthenticationService - Authentication successful: User{username='admin', role=ADMIN}
2026-06-29 07:39:42 [JavaFX Application Thread] INFO  o.e.a.s.logging.SecurityAuditLogger - Logout for user 'admin'
2026-06-29 07:39:42 [JavaFX Application Thread] INFO  o.e.a.s.s.AuthenticationService - User 'admin' logged out.
2026-06-29 07:39:46 [JavaFX Application Thread] INFO  o.e.a.s.s.AuthenticationService - Authentication attempt for username: 'professor'
2026-06-29 07:39:46 [JavaFX Application Thread] INFO  o.e.a.s.logging.SecurityAuditLogger - Login succeeded for user 'professor'
2026-06-29 07:39:46 [JavaFX Application Thread] INFO  o.e.a.s.s.AuthenticationService - Authentication successful: User{username='professor', role=PROFESSOR}
2026-06-29 07:39:50 [JavaFX Application Thread] INFO  o.e.a.s.logging.SecurityAuditLogger - Logout for user 'professor'
2026-06-29 07:39:50 [JavaFX Application Thread] INFO  o.e.a.s.s.AuthenticationService - User 'professor' logged out.
2026-06-29 07:39:54 [JavaFX Application Thread] INFO  o.e.a.s.s.AuthenticationService - Authentication attempt for username: 'admin'
2026-06-29 07:39:54 [JavaFX Application Thread] INFO  o.e.a.s.logging.SecurityAuditLogger - Login succeeded for user 'admin'
2026-06-29 07:39:54 [JavaFX Application Thread] INFO  o.e.a.s.s.AuthenticationService - Authentication successful: User{username='admin', role=ADMIN}
2026-06-29 07:40:00 [JavaFX Application Thread] INFO  o.e.a.s.logging.ReportAuditLogger - Report 'persistence configuration' generated by role ADMIN
2026-06-29 07:40:12 [JavaFX Application Thread] INFO  o.e.a.s.logging.SecurityAuditLogger - Logout for user 'admin'
2026-06-29 07:40:12 [JavaFX Application Thread] INFO  o.e.a.s.s.AuthenticationService - User 'admin' logged out.
2026-06-29 07:40:18 [JavaFX Application Thread] INFO  o.e.a.s.s.AuthenticationService - Authentication attempt for username: 'professor'
2026-06-29 07:40:18 [JavaFX Application Thread] INFO  o.e.a.s.logging.SecurityAuditLogger - Login succeeded for user 'professor'
2026-06-29 07:40:18 [JavaFX Application Thread] INFO  o.e.a.s.s.AuthenticationService - Authentication successful: User{username='professor', role=PROFESSOR}
2026-06-29 07:44:09 [main] INFO  o.h.validator.internal.util.Version - HV000001: Hibernate Validator 8.0.1.Final
2026-06-29 07:44:10 [main] INFO  o.e.a.system.service.ClassService - Class registered: code='CS101', title='Introduction to OOP'
2026-06-29 07:44:10 [main] INFO  o.e.a.s.logging.ReportAuditLogger - Report 'assessment weight' generated by role ADMIN
2026-06-29 07:44:10 [main] INFO  o.e.a.s.logging.ReportAuditLogger - Report 'persistence configuration' generated by role ADMIN
2026-06-29 07:44:10 [main] INFO  o.e.a.s.logging.ReportAuditLogger - Report 'class assessment summary' generated by role ADMIN
2026-06-29 07:44:10 [main] WARN  o.e.a.s.repository.TxtUserRepository - User file 'users.txt' not found. Loading default users.
2026-06-29 07:44:10 [main] INFO  o.e.a.s.s.AuthenticationService - Authentication attempt for username: 'admin'
2026-06-29 07:44:10 [main] WARN  o.e.a.s.logging.SecurityAuditLogger - Login failed for user 'admin'
2026-06-29 07:44:10 [main] WARN  o.e.a.s.repository.TxtUserRepository - User file 'users.txt' not found. Loading default users.
2026-06-29 07:44:10 [main] INFO  o.e.a.s.s.AuthenticationService - Authentication attempt for username: 'admin'
2026-06-29 07:44:10 [main] INFO  o.e.a.s.logging.SecurityAuditLogger - Login succeeded for user 'admin'
2026-06-29 07:44:10 [main] INFO  o.e.a.s.s.AuthenticationService - Authentication successful: User{username='admin', role=ADMIN}
2026-06-29 07:44:10 [main] WARN  o.e.a.s.repository.TxtUserRepository - User file 'users.txt' not found. Loading default users.
2026-06-29 07:44:10 [main] INFO  o.e.a.s.s.AuthenticationService - Authentication attempt for username: 'naoexiste'
2026-06-29 07:44:10 [main] WARN  o.e.a.s.logging.SecurityAuditLogger - Login failed for user 'naoexiste'
2026-06-29 07:44:10 [main] INFO  o.e.a.system.service.ClassService - Class registered: code='CS101', title='Introduction to OOP'
2026-06-29 07:44:10 [main] INFO  o.e.a.s.service.PersistenceService - Persistence type changed to: JSON
2026-06-29 07:44:10 [main] INFO  o.e.a.s.r.JsonAcademicClassRepository - Persisting 1 class(es) to JSON file: /tmp/junit6944397543990828740/data.json
2026-06-29 07:44:10 [main] INFO  o.e.a.s.r.JsonAcademicClassRepository - JSON persistence completed successfully.
2026-06-29 07:44:10 [main] INFO  o.e.a.s.l.PersistenceAuditLogger - Academic data saved using JSON persistence to file '/tmp/junit6944397543990828740/data.json'
2026-06-29 07:44:10 [main] INFO  o.e.a.system.service.ClassService - Class registered: code='CS101', title='Introduction to OOP'
2026-06-29 07:44:10 [main] INFO  o.e.a.s.service.PersistenceService - Persistence type changed to: XML
2026-06-29 07:44:10 [main] INFO  o.e.a.s.r.XmlAcademicClassRepository - Persisting 1 class(es) to XML file: /tmp/junit14841034897668953940/data.xml
2026-06-29 07:44:10 [main] INFO  o.e.a.s.r.XmlAcademicClassRepository - XML persistence completed successfully.
2026-06-29 07:44:10 [main] INFO  o.e.a.s.l.PersistenceAuditLogger - Academic data saved using XML persistence to file '/tmp/junit14841034897668953940/data.xml'
2026-06-29 07:44:10 [main] INFO  o.e.a.system.service.ClassService - Class registered: code='CS101', title='Introduction to OOP'
2026-06-29 07:44:10 [main] INFO  o.e.a.s.r.TxtAcademicClassRepository - Persisting 1 class(es) to TXT file: /tmp/junit18327762395559605366/data.txt
2026-06-29 07:44:10 [main] INFO  o.e.a.s.r.TxtAcademicClassRepository - TXT persistence completed successfully.
2026-06-29 07:44:10 [main] INFO  o.e.a.s.l.PersistenceAuditLogger - Academic data saved using TXT persistence to file '/tmp/junit18327762395559605366/data.txt'
2026-06-29 07:44:10 [main] INFO  o.e.a.s.r.TxtAcademicClassRepository - Persisting 1 class(es) to TXT file: /tmp/junit9730445837497227636/classes.txt
2026-06-29 07:44:10 [main] INFO  o.e.a.s.r.TxtAcademicClassRepository - TXT persistence completed successfully.
2026-06-29 07:44:10 [main] INFO  o.e.a.s.l.PersistenceAuditLogger - Academic data saved using TXT persistence to file '/tmp/junit9730445837497227636/classes.txt'
2026-06-29 07:44:10 [main] INFO  o.e.a.s.r.XmlAcademicClassRepository - Persisting 1 class(es) to XML file: /tmp/junit7239208604035131459/classes.xml
2026-06-29 07:44:10 [main] INFO  o.e.a.s.r.XmlAcademicClassRepository - XML persistence completed successfully.
2026-06-29 07:44:10 [main] INFO  o.e.a.s.l.PersistenceAuditLogger - Academic data saved using XML persistence to file '/tmp/junit7239208604035131459/classes.xml'
2026-06-29 07:44:10 [main] INFO  o.e.a.s.r.JsonAcademicClassRepository - Persisting 1 class(es) to JSON file: /tmp/junit8260876636983616158/classes.json
2026-06-29 07:44:10 [main] INFO  o.e.a.s.r.JsonAcademicClassRepository - JSON persistence completed successfully.
2026-06-29 07:44:10 [main] INFO  o.e.a.s.l.PersistenceAuditLogger - Academic data saved using JSON persistence to file '/tmp/junit8260876636983616158/classes.json'
2026-06-29 07:44:10 [main] INFO  o.e.a.system.service.ClassService - Class registered: code='CS101', title='Introduction to OOP'
2026-06-29 07:44:10 [main] INFO  o.e.a.system.service.ClassService - Class registered: code='CS101', title='Introduction to OOP'
2026-06-29 07:44:10 [main] INFO  o.e.a.system.service.ClassService - Class registered: code='CS101', title='Introduction to OOP'
2026-06-29 07:44:10 [main] INFO  o.e.a.system.service.ClassService - Class registered: code='CS101', title='Introduction to OOP'
2026-06-29 07:44:10 [main] INFO  o.e.a.s.service.AssessmentService - Assessment 'Exam' registered in class 'CS101'
2026-06-29 07:44:10 [main] WARN  o.e.a.s.repository.TxtUserRepository - User file 'nonexistent-users.txt' not found. Loading default users.
2026-06-29 07:44:10 [main] WARN  o.e.a.s.logging.SecurityAuditLogger - Authorization denied for role UNKNOWN on operation 'ADMIN'
2026-06-29 07:44:10 [main] WARN  o.e.a.s.repository.TxtUserRepository - User file 'nonexistent-users.txt' not found. Loading default users.
2026-06-29 07:44:10 [main] INFO  o.e.a.s.s.AuthenticationService - Authentication attempt for username: 'admin'
2026-06-29 07:44:10 [main] INFO  o.e.a.s.logging.SecurityAuditLogger - Login succeeded for user 'admin'
2026-06-29 07:44:10 [main] INFO  o.e.a.s.s.AuthenticationService - Authentication successful: User{username='admin', role=ADMIN}
2026-06-29 07:44:10 [main] INFO  o.e.a.system.service.ClassService - Class registered: code='CS101', title='Introduction to OOP'
2026-06-29 07:44:10 [main] INFO  o.e.a.s.c.AcademicSystemController - Class registration delegated to service: code='CS101', title='Introduction to OOP'
2026-06-29 07:44:10 [main] WARN  o.e.a.s.repository.TxtUserRepository - User file 'nonexistent-users.txt' not found. Loading default users.
2026-06-29 07:44:10 [main] INFO  o.e.a.s.s.AuthenticationService - Authentication attempt for username: 'admin'
2026-06-29 07:44:10 [main] INFO  o.e.a.s.logging.SecurityAuditLogger - Login succeeded for user 'admin'
2026-06-29 07:44:10 [main] INFO  o.e.a.s.s.AuthenticationService - Authentication successful: User{username='admin', role=ADMIN}
2026-06-29 07:44:10 [main] INFO  o.e.a.system.service.ClassService - Class registered: code='CS101', title='Introduction to OOP'
2026-06-29 07:44:10 [main] INFO  o.e.a.s.c.AcademicSystemController - Class registration delegated to service: code='CS101', title='Introduction to OOP'
2026-06-29 07:44:10 [main] INFO  o.e.a.s.service.AssessmentService - Assessment 'Exam' registered in class 'CS101'
2026-06-29 07:44:10 [main] INFO  o.e.a.s.c.AcademicSystemController - Assessment registration delegated to service for class 'CS101'
2026-06-29 07:44:10 [main] WARN  o.e.a.s.repository.TxtUserRepository - User file 'nonexistent-users.txt' not found. Loading default users.
2026-06-29 07:44:10 [main] INFO  o.e.a.s.s.AuthenticationService - Authentication attempt for username: 'professor'
2026-06-29 07:44:10 [main] INFO  o.e.a.s.logging.SecurityAuditLogger - Login succeeded for user 'professor'
2026-06-29 07:44:10 [main] INFO  o.e.a.s.s.AuthenticationService - Authentication successful: User{username='professor', role=PROFESSOR}
2026-06-29 07:44:10 [main] WARN  o.e.a.s.logging.SecurityAuditLogger - Authorization denied for role PROFESSOR on operation 'ADMIN'
2026-06-29 07:44:10 [main] WARN  o.e.a.s.s.AuthenticationService - Authorization denied. User 'professor' has role [PROFESSOR], required [ADMIN].
2026-06-29 07:44:10 [main] WARN  o.e.a.s.logging.SecurityAuditLogger - Authorization denied for role PROFESSOR on operation 'configure persistence'
2026-06-29 07:44:10 [main] WARN  o.e.a.s.logging.SecurityAuditLogger - Authorization denied for role PROFESSOR on operation 'register class'
2026-06-29 07:44:10 [main] INFO  o.e.a.s.logging.ReportAuditLogger - Report 'persistence configuration' generated by role ADMIN
2026-06-29 07:44:10 [main] INFO  o.e.a.s.logging.ReportAuditLogger - Report 'assessment weight' generated by role PROFESSOR
2026-06-29 07:44:10 [main] INFO  o.e.a.s.logging.ReportAuditLogger - Report 'class assessment summary' generated by role PROFESSOR
2026-06-29 07:44:20 [main] INFO  o.h.validator.internal.util.Version - HV000001: Hibernate Validator 8.0.1.Final
2026-06-29 07:44:20 [main] INFO  o.e.a.system.service.ClassService - Class registered: code='CS101', title='Introduction to OOP'
2026-06-29 07:44:21 [main] INFO  o.e.a.s.logging.ReportAuditLogger - Report 'assessment weight' generated by role ADMIN
2026-06-29 07:44:21 [main] INFO  o.e.a.s.logging.ReportAuditLogger - Report 'persistence configuration' generated by role ADMIN
2026-06-29 07:44:21 [main] INFO  o.e.a.s.logging.ReportAuditLogger - Report 'class assessment summary' generated by role ADMIN
2026-06-29 07:44:21 [main] WARN  o.e.a.s.repository.TxtUserRepository - User file 'users.txt' not found. Loading default users.
2026-06-29 07:44:21 [main] INFO  o.e.a.s.s.AuthenticationService - Authentication attempt for username: 'admin'
2026-06-29 07:44:21 [main] WARN  o.e.a.s.logging.SecurityAuditLogger - Login failed for user 'admin'
2026-06-29 07:44:21 [main] WARN  o.e.a.s.repository.TxtUserRepository - User file 'users.txt' not found. Loading default users.
2026-06-29 07:44:21 [main] INFO  o.e.a.s.s.AuthenticationService - Authentication attempt for username: 'admin'
2026-06-29 07:44:21 [main] INFO  o.e.a.s.logging.SecurityAuditLogger - Login succeeded for user 'admin'
2026-06-29 07:44:21 [main] INFO  o.e.a.s.s.AuthenticationService - Authentication successful: User{username='admin', role=ADMIN}
2026-06-29 07:44:21 [main] WARN  o.e.a.s.repository.TxtUserRepository - User file 'users.txt' not found. Loading default users.
2026-06-29 07:44:21 [main] INFO  o.e.a.s.s.AuthenticationService - Authentication attempt for username: 'naoexiste'
2026-06-29 07:44:21 [main] WARN  o.e.a.s.logging.SecurityAuditLogger - Login failed for user 'naoexiste'
2026-06-29 07:44:21 [main] INFO  o.e.a.system.service.ClassService - Class registered: code='CS101', title='Introduction to OOP'
2026-06-29 07:44:21 [main] INFO  o.e.a.s.service.PersistenceService - Persistence type changed to: JSON
2026-06-29 07:44:21 [main] INFO  o.e.a.s.r.JsonAcademicClassRepository - Persisting 1 class(es) to JSON file: /tmp/junit11791015745791619090/data.json
2026-06-29 07:44:21 [main] INFO  o.e.a.s.r.JsonAcademicClassRepository - JSON persistence completed successfully.
2026-06-29 07:44:21 [main] INFO  o.e.a.s.l.PersistenceAuditLogger - Academic data saved using JSON persistence to file '/tmp/junit11791015745791619090/data.json'
2026-06-29 07:44:21 [main] INFO  o.e.a.system.service.ClassService - Class registered: code='CS101', title='Introduction to OOP'
2026-06-29 07:44:21 [main] INFO  o.e.a.s.service.PersistenceService - Persistence type changed to: XML
2026-06-29 07:44:21 [main] INFO  o.e.a.s.r.XmlAcademicClassRepository - Persisting 1 class(es) to XML file: /tmp/junit1881008690775540979/data.xml
2026-06-29 07:44:21 [main] INFO  o.e.a.s.r.XmlAcademicClassRepository - XML persistence completed successfully.
2026-06-29 07:44:21 [main] INFO  o.e.a.s.l.PersistenceAuditLogger - Academic data saved using XML persistence to file '/tmp/junit1881008690775540979/data.xml'
2026-06-29 07:44:21 [main] INFO  o.e.a.system.service.ClassService - Class registered: code='CS101', title='Introduction to OOP'
2026-06-29 07:44:21 [main] INFO  o.e.a.s.r.TxtAcademicClassRepository - Persisting 1 class(es) to TXT file: /tmp/junit18290221588830099040/data.txt
2026-06-29 07:44:21 [main] INFO  o.e.a.s.r.TxtAcademicClassRepository - TXT persistence completed successfully.
2026-06-29 07:44:21 [main] INFO  o.e.a.s.l.PersistenceAuditLogger - Academic data saved using TXT persistence to file '/tmp/junit18290221588830099040/data.txt'
2026-06-29 07:44:21 [main] INFO  o.e.a.s.r.TxtAcademicClassRepository - Persisting 1 class(es) to TXT file: /tmp/junit7906365151470768308/classes.txt
2026-06-29 07:44:21 [main] INFO  o.e.a.s.r.TxtAcademicClassRepository - TXT persistence completed successfully.
2026-06-29 07:44:21 [main] INFO  o.e.a.s.l.PersistenceAuditLogger - Academic data saved using TXT persistence to file '/tmp/junit7906365151470768308/classes.txt'
2026-06-29 07:44:21 [main] INFO  o.e.a.s.r.XmlAcademicClassRepository - Persisting 1 class(es) to XML file: /tmp/junit14786877490934047227/classes.xml
2026-06-29 07:44:21 [main] INFO  o.e.a.s.r.XmlAcademicClassRepository - XML persistence completed successfully.
2026-06-29 07:44:21 [main] INFO  o.e.a.s.l.PersistenceAuditLogger - Academic data saved using XML persistence to file '/tmp/junit14786877490934047227/classes.xml'
2026-06-29 07:44:21 [main] INFO  o.e.a.s.r.JsonAcademicClassRepository - Persisting 1 class(es) to JSON file: /tmp/junit1686791662637718848/classes.json
2026-06-29 07:44:21 [main] INFO  o.e.a.s.r.JsonAcademicClassRepository - JSON persistence completed successfully.
2026-06-29 07:44:21 [main] INFO  o.e.a.s.l.PersistenceAuditLogger - Academic data saved using JSON persistence to file '/tmp/junit1686791662637718848/classes.json'
2026-06-29 07:44:21 [main] INFO  o.e.a.system.service.ClassService - Class registered: code='CS101', title='Introduction to OOP'
2026-06-29 07:44:21 [main] INFO  o.e.a.system.service.ClassService - Class registered: code='CS101', title='Introduction to OOP'
2026-06-29 07:44:21 [main] INFO  o.e.a.system.service.ClassService - Class registered: code='CS101', title='Introduction to OOP'
2026-06-29 07:44:21 [main] INFO  o.e.a.system.service.ClassService - Class registered: code='CS101', title='Introduction to OOP'
2026-06-29 07:44:21 [main] INFO  o.e.a.s.service.AssessmentService - Assessment 'Exam' registered in class 'CS101'
2026-06-29 07:44:21 [main] WARN  o.e.a.s.repository.TxtUserRepository - User file 'nonexistent-users.txt' not found. Loading default users.
2026-06-29 07:44:21 [main] WARN  o.e.a.s.logging.SecurityAuditLogger - Authorization denied for role UNKNOWN on operation 'ADMIN'
2026-06-29 07:44:21 [main] WARN  o.e.a.s.repository.TxtUserRepository - User file 'nonexistent-users.txt' not found. Loading default users.
2026-06-29 07:44:21 [main] INFO  o.e.a.s.s.AuthenticationService - Authentication attempt for username: 'admin'
2026-06-29 07:44:21 [main] INFO  o.e.a.s.logging.SecurityAuditLogger - Login succeeded for user 'admin'
2026-06-29 07:44:21 [main] INFO  o.e.a.s.s.AuthenticationService - Authentication successful: User{username='admin', role=ADMIN}
2026-06-29 07:44:21 [main] INFO  o.e.a.system.service.ClassService - Class registered: code='CS101', title='Introduction to OOP'
2026-06-29 07:44:21 [main] INFO  o.e.a.s.c.AcademicSystemController - Class registration delegated to service: code='CS101', title='Introduction to OOP'
2026-06-29 07:44:21 [main] WARN  o.e.a.s.repository.TxtUserRepository - User file 'nonexistent-users.txt' not found. Loading default users.
2026-06-29 07:44:21 [main] INFO  o.e.a.s.s.AuthenticationService - Authentication attempt for username: 'admin'
2026-06-29 07:44:21 [main] INFO  o.e.a.s.logging.SecurityAuditLogger - Login succeeded for user 'admin'
2026-06-29 07:44:21 [main] INFO  o.e.a.s.s.AuthenticationService - Authentication successful: User{username='admin', role=ADMIN}
2026-06-29 07:44:21 [main] INFO  o.e.a.system.service.ClassService - Class registered: code='CS101', title='Introduction to OOP'
2026-06-29 07:44:21 [main] INFO  o.e.a.s.c.AcademicSystemController - Class registration delegated to service: code='CS101', title='Introduction to OOP'
2026-06-29 07:44:21 [main] INFO  o.e.a.s.service.AssessmentService - Assessment 'Exam' registered in class 'CS101'
2026-06-29 07:44:21 [main] INFO  o.e.a.s.c.AcademicSystemController - Assessment registration delegated to service for class 'CS101'
2026-06-29 07:44:21 [main] WARN  o.e.a.s.repository.TxtUserRepository - User file 'nonexistent-users.txt' not found. Loading default users.
2026-06-29 07:44:21 [main] INFO  o.e.a.s.s.AuthenticationService - Authentication attempt for username: 'professor'
2026-06-29 07:44:21 [main] INFO  o.e.a.s.logging.SecurityAuditLogger - Login succeeded for user 'professor'
2026-06-29 07:44:21 [main] INFO  o.e.a.s.s.AuthenticationService - Authentication successful: User{username='professor', role=PROFESSOR}
2026-06-29 07:44:21 [main] WARN  o.e.a.s.logging.SecurityAuditLogger - Authorization denied for role PROFESSOR on operation 'ADMIN'
2026-06-29 07:44:21 [main] WARN  o.e.a.s.s.AuthenticationService - Authorization denied. User 'professor' has role [PROFESSOR], required [ADMIN].
2026-06-29 07:44:21 [main] WARN  o.e.a.s.logging.SecurityAuditLogger - Authorization denied for role PROFESSOR on operation 'configure persistence'
2026-06-29 07:44:21 [main] WARN  o.e.a.s.logging.SecurityAuditLogger - Authorization denied for role PROFESSOR on operation 'register class'
2026-06-29 07:44:21 [main] INFO  o.e.a.s.logging.ReportAuditLogger - Report 'persistence configuration' generated by role ADMIN
2026-06-29 07:44:21 [main] INFO  o.e.a.s.logging.ReportAuditLogger - Report 'assessment weight' generated by role PROFESSOR
2026-06-29 07:44:21 [main] INFO  o.e.a.s.logging.ReportAuditLogger - Report 'class assessment summary' generated by role PROFESSOR
2026-06-29 07:44:31 [JavaFX-Launcher] WARN  o.e.a.s.repository.TxtUserRepository - User file 'users.txt' not found. Loading default users.
2026-06-29 07:44:38 [JavaFX Application Thread] INFO  o.e.a.s.s.AuthenticationService - Authentication attempt for username: 'admin'
2026-06-29 07:44:38 [JavaFX Application Thread] INFO  o.e.a.s.logging.SecurityAuditLogger - Login succeeded for user 'admin'
2026-06-29 07:44:38 [JavaFX Application Thread] INFO  o.e.a.s.s.AuthenticationService - Authentication successful: User{username='admin', role=ADMIN}
